Analysis & Synthesis report for uart
Sat Jan 16 19:25:45 2010
Quartus II Version 9.0 Build 235 06/17/2009 Service Pack 2 SJ Web Edition


---------------------
; Table of Contents ;
---------------------
  1. Legal Notice
  2. Analysis & Synthesis Summary
  3. Analysis & Synthesis Settings
  4. Analysis & Synthesis Source Files Read
  5. Analysis & Synthesis Resource Usage Summary
  6. Analysis & Synthesis Resource Utilization by Entity
  7. User-Specified and Inferred Latches
  8. Registers Removed During Synthesis
  9. General Register Statistics
 10. Multiplexer Restructuring Statistics (Restructuring Performed)
 11. Port Connectivity Checks: "miniUART:U1"
 12. Analysis & Synthesis Messages



----------------
; Legal Notice ;
----------------
Copyright (C) 1991-2009 Altera Corporation
Your use of Altera Corporation's design tools, logic functions 
and other software and tools, and its AMPP partner logic 
functions, and any output files from any of the foregoing 
(including device programming or simulation files), and any 
associated documentation or information are expressly subject 
to the terms and conditions of the Altera Program License 
Subscription Agreement, Altera MegaCore Function License 
Agreement, or other applicable license agreement, including, 
without limitation, that your use is for the sole purpose of 
programming logic devices manufactured by Altera and sold by 
Altera or its authorized distributors.  Please refer to the 
applicable agreement for further details.



+-----------------------------------------------------------------------------------+
; Analysis & Synthesis Summary                                                      ;
+------------------------------------+----------------------------------------------+
; Analysis & Synthesis Status        ; Successful - Sat Jan 16 19:25:45 2010        ;
; Quartus II Version                 ; 9.0 Build 235 06/17/2009 SP 2 SJ Web Edition ;
; Revision Name                      ; uart                                         ;
; Top-level Entity Name              ; TOP_UART                                     ;
; Family                             ; Cyclone II                                   ;
; Total logic elements               ; 157                                          ;
;     Total combinational functions  ; 150                                          ;
;     Dedicated logic registers      ; 70                                           ;
; Total registers                    ; 70                                           ;
; Total pins                         ; 281                                          ;
; Total virtual pins                 ; 0                                            ;
; Total memory bits                  ; 0                                            ;
; Embedded Multiplier 9-bit elements ; 0                                            ;
; Total PLLs                         ; 0                                            ;
+------------------------------------+----------------------------------------------+


+--------------------------------------------------------------------------------------------------------+
; Analysis & Synthesis Settings                                                                          ;
+--------------------------------------------------------------+--------------------+--------------------+
; Option                                                       ; Setting            ; Default Value      ;
+--------------------------------------------------------------+--------------------+--------------------+
; Device                                                       ; EP2C20F484C7       ;                    ;
; Top-level entity name                                        ; top_uart           ; uart               ;
; Family name                                                  ; Cyclone II         ; Stratix II         ;
; Use Generated Physical Constraints File                      ; Off                ;                    ;
; Use smart compilation                                        ; Off                ; Off                ;
; Restructure Multiplexers                                     ; Auto               ; Auto               ;
; Create Debugging Nodes for IP Cores                          ; Off                ; Off                ;
; Preserve fewer node names                                    ; On                 ; On                 ;
; Disable OpenCore Plus hardware evaluation                    ; Off                ; Off                ;
; Verilog Version                                              ; Verilog_2001       ; Verilog_2001       ;
; VHDL Version                                                 ; VHDL93             ; VHDL93             ;
; State Machine Processing                                     ; Auto               ; Auto               ;
; Safe State Machine                                           ; Off                ; Off                ;
; Extract Verilog State Machines                               ; On                 ; On                 ;
; Extract VHDL State Machines                                  ; On                 ; On                 ;
; Ignore Verilog initial constructs                            ; Off                ; Off                ;
; Iteration limit for constant Verilog loops                   ; 5000               ; 5000               ;
; Iteration limit for non-constant Verilog loops               ; 250                ; 250                ;
; Add Pass-Through Logic to Inferred RAMs                      ; On                 ; On                 ;
; Parallel Synthesis                                           ; Off                ; Off                ;
; DSP Block Balancing                                          ; Auto               ; Auto               ;
; NOT Gate Push-Back                                           ; On                 ; On                 ;
; Power-Up Don't Care                                          ; On                 ; On                 ;
; Remove Redundant Logic Cells                                 ; Off                ; Off                ;
; Remove Duplicate Registers                                   ; On                 ; On                 ;
; Ignore CARRY Buffers                                         ; Off                ; Off                ;
; Ignore CASCADE Buffers                                       ; Off                ; Off                ;
; Ignore GLOBAL Buffers                                        ; Off                ; Off                ;
; Ignore ROW GLOBAL Buffers                                    ; Off                ; Off                ;
; Ignore LCELL Buffers                                         ; Off                ; Off                ;
; Ignore SOFT Buffers                                          ; On                 ; On                 ;
; Limit AHDL Integers to 32 Bits                               ; Off                ; Off                ;
; Optimization Technique                                       ; Balanced           ; Balanced           ;
; Carry Chain Length                                           ; 70                 ; 70                 ;
; Auto Carry Chains                                            ; On                 ; On                 ;
; Auto Open-Drain Pins                                         ; On                 ; On                 ;
; Perform WYSIWYG Primitive Resynthesis                        ; Off                ; Off                ;
; Auto ROM Replacement                                         ; On                 ; On                 ;
; Auto RAM Replacement                                         ; On                 ; On                 ;
; Auto Shift Register Replacement                              ; Auto               ; Auto               ;
; Auto Clock Enable Replacement                                ; On                 ; On                 ;
; Strict RAM Replacement                                       ; Off                ; Off                ;
; Allow Synchronous Control Signals                            ; On                 ; On                 ;
; Force Use of Synchronous Clear Signals                       ; Off                ; Off                ;
; Auto RAM to Logic Cell Conversion                            ; Off                ; Off                ;
; Auto Resource Sharing                                        ; Off                ; Off                ;
; Allow Any RAM Size For Recognition                           ; Off                ; Off                ;
; Allow Any ROM Size For Recognition                           ; Off                ; Off                ;
; Allow Any Shift Register Size For Recognition                ; Off                ; Off                ;
; Use LogicLock Constraints during Resource Balancing          ; On                 ; On                 ;
; Ignore translate_off and synthesis_off directives            ; Off                ; Off                ;
; Timing-Driven Synthesis                                      ; Off                ; Off                ;
; Show Parameter Settings Tables in Synthesis Report           ; On                 ; On                 ;
; Ignore Maximum Fan-Out Assignments                           ; Off                ; Off                ;
; Synchronization Register Chain Length                        ; 2                  ; 2                  ;
; PowerPlay Power Optimization                                 ; Normal compilation ; Normal compilation ;
; HDL message level                                            ; Level2             ; Level2             ;
; Suppress Register Optimization Related Messages              ; Off                ; Off                ;
; Number of Removed Registers Reported in Synthesis Report     ; 100                ; 100                ;
; Number of Inverted Registers Reported in Synthesis Report    ; 100                ; 100                ;
; Clock MUX Protection                                         ; On                 ; On                 ;
; Auto Gated Clock Conversion                                  ; Off                ; Off                ;
; Block Design Naming                                          ; Auto               ; Auto               ;
; SDC constraint protection                                    ; Off                ; Off                ;
; Synthesis Effort                                             ; Auto               ; Auto               ;
; Shift Register Replacement - Allow Asynchronous Clear Signal ; On                 ; On                 ;
; Analysis & Synthesis Message Level                           ; Medium             ; Medium             ;
+--------------------------------------------------------------+--------------------+--------------------+


+---------------------------------------------------------------------------------------------------------------+
; Analysis & Synthesis Source Files Read                                                                        ;
+----------------------------------+-----------------+-----------------+----------------------------------------+
; File Name with User-Entered Path ; Used in Netlist ; File Type       ; File Name with Absolute Path           ;
+----------------------------------+-----------------+-----------------+----------------------------------------+
; clkUnit.vhd                      ; yes             ; User VHDL File  ; C:/altera/cores/vhdl/uart/clkUnit.vhd  ;
; miniUART.vhd                     ; yes             ; User VHDL File  ; C:/altera/cores/vhdl/uart/miniUART.vhd ;
; RxUnit.vhd                       ; yes             ; User VHDL File  ; C:/altera/cores/vhdl/uart/RxUnit.vhd   ;
; top_uart.vhd                     ; yes             ; User VHDL File  ; C:/altera/cores/vhdl/uart/top_uart.vhd ;
; TxUnit.vhd                       ; yes             ; User VHDL File  ; C:/altera/cores/vhdl/uart/TxUnit.vhd   ;
; uart_lib.vhd                     ; yes             ; User VHDL File  ; C:/altera/cores/vhdl/uart/uart_lib.vhd ;
+----------------------------------+-----------------+-----------------+----------------------------------------+


+--------------------------------------------------------+
; Analysis & Synthesis Resource Usage Summary            ;
+---------------------------------------------+----------+
; Resource                                    ; Usage    ;
+---------------------------------------------+----------+
; Estimated Total logic elements              ; 157      ;
;                                             ;          ;
; Total combinational functions               ; 150      ;
; Logic element usage by number of LUT inputs ;          ;
;     -- 4 input functions                    ; 81       ;
;     -- 3 input functions                    ; 38       ;
;     -- <=2 input functions                  ; 31       ;
;                                             ;          ;
; Logic elements by mode                      ;          ;
;     -- normal mode                          ; 150      ;
;     -- arithmetic mode                      ; 0        ;
;                                             ;          ;
; Total registers                             ; 70       ;
;     -- Dedicated logic registers            ; 70       ;
;     -- I/O registers                        ; 0        ;
;                                             ;          ;
; I/O pins                                    ; 281      ;
; Maximum fan-out node                        ; CLOCK_50 ;
; Maximum fan-out                             ; 70       ;
; Total fan-out                               ; 695      ;
; Average fan-out                             ; 1.39     ;
+---------------------------------------------+----------+


+----------------------------------------------------------------------------------------------------------------------------------------------------------------------------------------------+
; Analysis & Synthesis Resource Utilization by Entity                                                                                                                                          ;
+----------------------------+-------------------+--------------+-------------+--------------+---------+-----------+------+--------------+--------------------------------------+--------------+
; Compilation Hierarchy Node ; LC Combinationals ; LC Registers ; Memory Bits ; DSP Elements ; DSP 9x9 ; DSP 18x18 ; Pins ; Virtual Pins ; Full Hierarchy Name                  ; Library Name ;
+----------------------------+-------------------+--------------+-------------+--------------+---------+-----------+------+--------------+--------------------------------------+--------------+
; |TOP_UART                  ; 150 (0)           ; 70 (0)       ; 0           ; 0            ; 0       ; 0         ; 281  ; 0            ; |TOP_UART                            ; work         ;
;    |miniUART:U1|           ; 150 (31)          ; 70 (4)       ; 0           ; 0            ; 0       ; 0         ; 0    ; 0            ; |TOP_UART|miniUART:U1                ; work         ;
;       |ClkUnit:ClkDiv|     ; 41 (41)           ; 18 (18)      ; 0           ; 0            ; 0       ; 0         ; 0    ; 0            ; |TOP_UART|miniUART:U1|ClkUnit:ClkDiv ; work         ;
;       |RxUnit:RxDev|       ; 44 (44)           ; 29 (29)      ; 0           ; 0            ; 0       ; 0         ; 0    ; 0            ; |TOP_UART|miniUART:U1|RxUnit:RxDev   ; work         ;
;       |TxUnit:TxDev|       ; 34 (34)           ; 19 (19)      ; 0           ; 0            ; 0       ; 0         ; 0    ; 0            ; |TOP_UART|miniUART:U1|TxUnit:TxDev   ; work         ;
+----------------------------+-------------------+--------------+-------------+--------------+---------+-----------+------+--------------+--------------------------------------+--------------+
Note: For table entries with two numbers listed, the numbers in parentheses indicate the number of resources of the given type used by the specific entity alone. The numbers listed outside of parentheses indicate the total resources of the given type used by the specific entity and all of its sub-entities in the hierarchy.


+---------------------------------------------------------------------------------------------------------+
; User-Specified and Inferred Latches                                                                     ;
+-----------------------------------------------------+--------------------------+------------------------+
; Latch Name                                          ; Latch Enable Signal      ; Free of Timing Hazards ;
+-----------------------------------------------------+--------------------------+------------------------+
; miniUART:U1|DataOut[0]$latch                        ; miniUART:U1|DataOut[0]~8 ; yes                    ;
; miniUART:U1|DataOut[0]_240                          ; miniUART:U1|DataOut[0]~8 ; yes                    ;
; miniUART:U1|DataOut[1]$latch                        ; miniUART:U1|DataOut[0]~8 ; yes                    ;
; miniUART:U1|DataOut[2]$latch                        ; miniUART:U1|DataOut[0]~8 ; yes                    ;
; miniUART:U1|DataOut[3]$latch                        ; miniUART:U1|DataOut[0]~8 ; yes                    ;
; miniUART:U1|DataOut[4]$latch                        ; miniUART:U1|DataOut[0]~8 ; yes                    ;
; miniUART:U1|DataOut[5]$latch                        ; miniUART:U1|DataOut[0]~8 ; yes                    ;
; miniUART:U1|DataOut[6]$latch                        ; miniUART:U1|DataOut[0]~8 ; yes                    ;
; miniUART:U1|DataOut[7]$latch                        ; miniUART:U1|DataOut[0]~8 ; yes                    ;
; miniUART:U1|TxData[0]                               ; miniUART:U1|process_1~2  ; yes                    ;
; miniUART:U1|TxData[3]                               ; miniUART:U1|process_1~2  ; yes                    ;
; miniUART:U1|TxData[5]                               ; miniUART:U1|process_1~2  ; yes                    ;
; miniUART:U1|TxData[6]                               ; miniUART:U1|process_1~2  ; yes                    ;
; Number of user-specified and inferred latches = 13  ;                          ;                        ;
+-----------------------------------------------------+--------------------------+------------------------+
Note: All latches listed above may not be present at the end of synthesis due to various synthesis optimizations.


+-----------------------------------------------------------------------------------+
; Registers Removed During Synthesis                                                ;
+------------------------------------------+----------------------------------------+
; Register name                            ; Reason for Removal                     ;
+------------------------------------------+----------------------------------------+
; miniUART:U1|CSReg[0..1]                  ; Stuck at GND due to stuck port data_in ;
; miniUART:U1|CSReg[4..7]                  ; Stuck at VCC due to stuck port data_in ;
; miniUART:U1|TxUnit:TxDev|TBuff[1..2,4,7] ; Stuck at GND due to stuck port data_in ;
; Total Number of Removed Registers = 10   ;                                        ;
+------------------------------------------+----------------------------------------+


+------------------------------------------------------+
; General Register Statistics                          ;
+----------------------------------------------+-------+
; Statistic                                    ; Value ;
+----------------------------------------------+-------+
; Total registers                              ; 70    ;
; Number of registers using Synchronous Clear  ; 4     ;
; Number of registers using Synchronous Load   ; 3     ;
; Number of registers using Asynchronous Clear ; 0     ;
; Number of registers using Asynchronous Load  ; 0     ;
; Number of registers using Clock Enable       ; 29    ;
; Number of registers using Preset             ; 0     ;
+----------------------------------------------+-------+


+-----------------------------------------------------------------------------------------------------------------------------------------------------------------------+
; Multiplexer Restructuring Statistics (Restructuring Performed)                                                                                                        ;
+--------------------+-----------+---------------+----------------------+------------------------+------------+---------------------------------------------------------+
; Multiplexer Inputs ; Bus Width ; Baseline Area ; Area if Restructured ; Saving if Restructured ; Registered ; Example Multiplexer Output                              ;
+--------------------+-----------+---------------+----------------------+------------------------+------------+---------------------------------------------------------+
; 3:1                ; 6 bits    ; 12 LEs        ; 6 LEs                ; 6 LEs                  ; Yes        ; |TOP_UART|miniUART:U1|ClkUnit:ClkDiv|\DivClk26:Cnt26[5] ;
; 32:1               ; 5 bits    ; 105 LEs       ; 105 LEs              ; 0 LEs                  ; Yes        ; |TOP_UART|miniUART:U1|ClkUnit:ClkDiv|\DivClk16:Cnt16[1] ;
; 11:1               ; 3 bits    ; 21 LEs        ; 3 LEs                ; 18 LEs                 ; Yes        ; |TOP_UART|miniUART:U1|TxUnit:TxDev|TReg[4]              ;
; 11:1               ; 4 bits    ; 28 LEs        ; 4 LEs                ; 24 LEs                 ; Yes        ; |TOP_UART|miniUART:U1|TxUnit:TxDev|TReg[6]              ;
; 7:1                ; 10 bits   ; 40 LEs        ; 10 LEs               ; 30 LEs                 ; Yes        ; |TOP_UART|miniUART:U1|RxUnit:RxDev|outErr               ;
; 20:1               ; 3 bits    ; 39 LEs        ; 12 LEs               ; 27 LEs                 ; Yes        ; |TOP_UART|miniUART:U1|TxUnit:TxDev|BitCnt[2]            ;
; 9:1                ; 8 bits    ; 48 LEs        ; 8 LEs                ; 40 LEs                 ; Yes        ; |TOP_UART|miniUART:U1|RxUnit:RxDev|ShtReg[0]            ;
; 22:1               ; 4 bits    ; 56 LEs        ; 4 LEs                ; 52 LEs                 ; Yes        ; |TOP_UART|miniUART:U1|RxUnit:RxDev|SampleCnt[3]         ;
; 22:1               ; 3 bits    ; 42 LEs        ; 12 LEs               ; 30 LEs                 ; Yes        ; |TOP_UART|miniUART:U1|RxUnit:RxDev|BitCnt[1]            ;
+--------------------+-----------+---------------+----------------------+------------------------+------------+---------------------------------------------------------+


+------------------------------------------------+
; Port Connectivity Checks: "miniUART:U1"        ;
+--------------+-------+----------+--------------+
; Port         ; Type  ; Severity ; Details      ;
+--------------+-------+----------+--------------+
; datain[6..5] ; Input ; Info     ; Stuck at VCC ;
; datain[2..1] ; Input ; Info     ; Stuck at GND ;
; datain[7]    ; Input ; Info     ; Stuck at GND ;
; datain[4]    ; Input ; Info     ; Stuck at GND ;
; datain[3]    ; Input ; Info     ; Stuck at VCC ;
; datain[0]    ; Input ; Info     ; Stuck at VCC ;
+--------------+-------+----------+--------------+


+-------------------------------+
; Analysis & Synthesis Messages ;
+-------------------------------+
Info: *******************************************************************
Info: Running Quartus II Analysis & Synthesis
    Info: Version 9.0 Build 235 06/17/2009 Service Pack 2 SJ Web Edition
    Info: Processing started: Sat Jan 16 19:25:40 2010
Info: Command: quartus_map --read_settings_files=on --write_settings_files=off uart -c uart
Info: Found 2 design units, including 1 entities, in source file decoder_7seg.vhd
    Info: Found design unit 1: decoder_7seg-rtl
    Info: Found entity 1: decoder_7seg
Info: Found 2 design units, including 1 entities, in source file uart.vhd
    Info: Found design unit 1: UART-Behaviour
    Info: Found entity 1: UART
Info: Found 2 design units, including 1 entities, in source file clkUnit.vhd
    Info: Found design unit 1: ClkUnit-Behaviour
    Info: Found entity 1: ClkUnit
Info: Found 2 design units, including 1 entities, in source file miniUART.vhd
    Info: Found design unit 1: miniUART-uart
    Info: Found entity 1: miniUART
Info: Found 2 design units, including 1 entities, in source file RxUnit.vhd
    Info: Found design unit 1: RxUnit-Behaviour
    Info: Found entity 1: RxUnit
Info: Found 2 design units, including 1 entities, in source file top_uart.vhd
    Info: Found design unit 1: TOP_UART-rtl
    Info: Found entity 1: TOP_UART
Info: Found 2 design units, including 1 entities, in source file TxUnit.vhd
    Info: Found design unit 1: TxUnit-Behaviour
    Info: Found entity 1: TxUnit
Info: Found 2 design units, including 0 entities, in source file uart_lib.vhd
    Info: Found design unit 1: UART_Def
    Info: Found design unit 2: UART_Def-body
Info: Elaborating entity "top_uart" for the top level hierarchy
Warning (10541): VHDL Signal Declaration warning at top_uart.vhd(23): used implicit default value for signal "HEX0" because signal was never assigned a value or an explicit default value. Use of implicit default value may introduce unintended design optimizations.
Warning (10541): VHDL Signal Declaration warning at top_uart.vhd(23): used implicit default value for signal "HEX1" because signal was never assigned a value or an explicit default value. Use of implicit default value may introduce unintended design optimizations.
Warning (10541): VHDL Signal Declaration warning at top_uart.vhd(23): used implicit default value for signal "HEX2" because signal was never assigned a value or an explicit default value. Use of implicit default value may introduce unintended design optimizations.
Warning (10541): VHDL Signal Declaration warning at top_uart.vhd(23): used implicit default value for signal "HEX3" because signal was never assigned a value or an explicit default value. Use of implicit default value may introduce unintended design optimizations.
Warning (10541): VHDL Signal Declaration warning at top_uart.vhd(62): used implicit default value for signal "SRAM_WE_N" because signal was never assigned a value or an explicit default value. Use of implicit default value may introduce unintended design optimizations.
Warning (10541): VHDL Signal Declaration warning at top_uart.vhd(62): used implicit default value for signal "SRAM_OE_N" because signal was never assigned a value or an explicit default value. Use of implicit default value may introduce unintended design optimizations.
Warning (10541): VHDL Signal Declaration warning at top_uart.vhd(70): used implicit default value for signal "SD_DAT3" because signal was never assigned a value or an explicit default value. Use of implicit default value may introduce unintended design optimizations.
Warning (10541): VHDL Signal Declaration warning at top_uart.vhd(71): used implicit default value for signal "SD_CMD" because signal was never assigned a value or an explicit default value. Use of implicit default value may introduce unintended design optimizations.
Warning (10541): VHDL Signal Declaration warning at top_uart.vhd(72): used implicit default value for signal "SD_CLK" because signal was never assigned a value or an explicit default value. Use of implicit default value may introduce unintended design optimizations.
Warning (10541): VHDL Signal Declaration warning at top_uart.vhd(89): used implicit default value for signal "VGA_HS" because signal was never assigned a value or an explicit default value. Use of implicit default value may introduce unintended design optimizations.
Warning (10541): VHDL Signal Declaration warning at top_uart.vhd(89): used implicit default value for signal "VGA_VS" because signal was never assigned a value or an explicit default value. Use of implicit default value may introduce unintended design optimizations.
Warning (10541): VHDL Signal Declaration warning at top_uart.vhd(91): used implicit default value for signal "VGA_R" because signal was never assigned a value or an explicit default value. Use of implicit default value may introduce unintended design optimizations.
Warning (10541): VHDL Signal Declaration warning at top_uart.vhd(91): used implicit default value for signal "VGA_G" because signal was never assigned a value or an explicit default value. Use of implicit default value may introduce unintended design optimizations.
Warning (10541): VHDL Signal Declaration warning at top_uart.vhd(91): used implicit default value for signal "VGA_B" because signal was never assigned a value or an explicit default value. Use of implicit default value may introduce unintended design optimizations.
Warning (10873): Using initial value X (don't care) for net "LEDG[7]" at top_uart.vhd(25)
Warning (10873): Using initial value X (don't care) for net "LEDG[6]" at top_uart.vhd(25)
Warning (10873): Using initial value X (don't care) for net "LEDG[5]" at top_uart.vhd(25)
Warning (10873): Using initial value X (don't care) for net "LEDG[4]" at top_uart.vhd(25)
Warning (10873): Using initial value X (don't care) for net "LEDG[3]" at top_uart.vhd(25)
Warning (10873): Using initial value X (don't care) for net "LEDG[2]" at top_uart.vhd(25)
Warning (10873): Using initial value X (don't care) for net "LEDR[9]" at top_uart.vhd(26)
Warning (10873): Using initial value X (don't care) for net "LEDR[8]" at top_uart.vhd(26)
Warning (10873): Using initial value X (don't care) for net "SRAM_ADDR[15]" at top_uart.vhd(61)
Warning (10873): Using initial value X (don't care) for net "SRAM_ADDR[14]" at top_uart.vhd(61)
Warning (10873): Using initial value X (don't care) for net "SRAM_ADDR[13]" at top_uart.vhd(61)
Warning (10873): Using initial value X (don't care) for net "SRAM_ADDR[12]" at top_uart.vhd(61)
Warning (10873): Using initial value X (don't care) for net "SRAM_ADDR[11]" at top_uart.vhd(61)
Warning (10873): Using initial value X (don't care) for net "SRAM_ADDR[10]" at top_uart.vhd(61)
Warning (10873): Using initial value X (don't care) for net "SRAM_ADDR[9]" at top_uart.vhd(61)
Warning (10873): Using initial value X (don't care) for net "SRAM_ADDR[8]" at top_uart.vhd(61)
Warning (10873): Using initial value X (don't care) for net "SRAM_ADDR[7]" at top_uart.vhd(61)
Warning (10873): Using initial value X (don't care) for net "SRAM_ADDR[6]" at top_uart.vhd(61)
Warning (10873): Using initial value X (don't care) for net "SRAM_ADDR[5]" at top_uart.vhd(61)
Warning (10873): Using initial value X (don't care) for net "SRAM_ADDR[4]" at top_uart.vhd(61)
Warning (10873): Using initial value X (don't care) for net "SRAM_ADDR[3]" at top_uart.vhd(61)
Warning (10873): Using initial value X (don't care) for net "SRAM_ADDR[2]" at top_uart.vhd(61)
Warning (10873): Using initial value X (don't care) for net "SRAM_ADDR[1]" at top_uart.vhd(61)
Warning (10873): Using initial value X (don't care) for net "SRAM_ADDR[0]" at top_uart.vhd(61)
Info: Elaborating entity "miniUART" for hierarchy "miniUART:U1"
Warning (10492): VHDL Process Statement warning at miniUART.vhd(180): signal "CS_N" is read inside the Process Statement but isn't in the Process Statement's sensitivity list
Warning (10492): VHDL Process Statement warning at miniUART.vhd(180): signal "RD_N" is read inside the Process Statement but isn't in the Process Statement's sensitivity list
Warning (10492): VHDL Process Statement warning at miniUART.vhd(185): signal "CS_N" is read inside the Process Statement but isn't in the Process Statement's sensitivity list
Warning (10492): VHDL Process Statement warning at miniUART.vhd(185): signal "WR_N" is read inside the Process Statement but isn't in the Process Statement's sensitivity list
Warning (10492): VHDL Process Statement warning at miniUART.vhd(190): signal "Read" is read inside the Process Statement but isn't in the Process Statement's sensitivity list
Warning (10492): VHDL Process Statement warning at miniUART.vhd(192): signal "Read" is read inside the Process Statement but isn't in the Process Statement's sensitivity list
Warning (10492): VHDL Process Statement warning at miniUART.vhd(192): signal "Addr" is read inside the Process Statement but isn't in the Process Statement's sensitivity list
Warning (10492): VHDL Process Statement warning at miniUART.vhd(193): signal "RxData" is read inside the Process Statement but isn't in the Process Statement's sensitivity list
Warning (10492): VHDL Process Statement warning at miniUART.vhd(194): signal "Read" is read inside the Process Statement but isn't in the Process Statement's sensitivity list
Warning (10492): VHDL Process Statement warning at miniUART.vhd(194): signal "Addr" is read inside the Process Statement but isn't in the Process Statement's sensitivity list
Warning (10492): VHDL Process Statement warning at miniUART.vhd(195): signal "CSReg" is read inside the Process Statement but isn't in the Process Statement's sensitivity list
Warning (10492): VHDL Process Statement warning at miniUART.vhd(198): signal "Load" is read inside the Process Statement but isn't in the Process Statement's sensitivity list
Warning (10492): VHDL Process Statement warning at miniUART.vhd(200): signal "Load" is read inside the Process Statement but isn't in the Process Statement's sensitivity list
Warning (10492): VHDL Process Statement warning at miniUART.vhd(200): signal "Addr" is read inside the Process Statement but isn't in the Process Statement's sensitivity list
Warning (10492): VHDL Process Statement warning at miniUART.vhd(201): signal "DataIn" is read inside the Process Statement but isn't in the Process Statement's sensitivity list
Warning (10631): VHDL Process Statement warning at miniUART.vhd(178): inferring latch(es) for signal or variable "DataOut", which holds its previous value in one or more paths through the process
Warning (10631): VHDL Process Statement warning at miniUART.vhd(178): inferring latch(es) for signal or variable "TxData", which holds its previous value in one or more paths through the process
Info (10041): Inferred latch for "TxData[0]" at miniUART.vhd(178)
Info (10041): Inferred latch for "TxData[1]" at miniUART.vhd(178)
Info (10041): Inferred latch for "TxData[2]" at miniUART.vhd(178)
Info (10041): Inferred latch for "TxData[3]" at miniUART.vhd(178)
Info (10041): Inferred latch for "TxData[4]" at miniUART.vhd(178)
Info (10041): Inferred latch for "TxData[5]" at miniUART.vhd(178)
Info (10041): Inferred latch for "TxData[6]" at miniUART.vhd(178)
Info (10041): Inferred latch for "TxData[7]" at miniUART.vhd(178)
Info (10041): Inferred latch for "DataOut[0]" at miniUART.vhd(178)
Info (10041): Inferred latch for "DataOut[1]" at miniUART.vhd(178)
Info (10041): Inferred latch for "DataOut[2]" at miniUART.vhd(178)
Info (10041): Inferred latch for "DataOut[3]" at miniUART.vhd(178)
Info (10041): Inferred latch for "DataOut[4]" at miniUART.vhd(178)
Info (10041): Inferred latch for "DataOut[5]" at miniUART.vhd(178)
Info (10041): Inferred latch for "DataOut[6]" at miniUART.vhd(178)
Info (10041): Inferred latch for "DataOut[7]" at miniUART.vhd(178)
Info: Elaborating entity "ClkUnit" for hierarchy "miniUART:U1|ClkUnit:ClkDiv"
Info: Elaborating entity "TxUnit" for hierarchy "miniUART:U1|TxUnit:TxDev"
Info: Elaborating entity "RxUnit" for hierarchy "miniUART:U1|RxUnit:RxDev"
Warning: Tri-state node(s) do not directly drive top-level pin(s)
    Warning: Converted tri-state buffer "miniUART:U1|TxData[0]~6" feeding internal logic into a wire
    Warning: Converted tri-state buffer "miniUART:U1|TxData[1]~7" feeding internal logic into a wire
    Warning: Converted tri-state buffer "miniUART:U1|TxData[2]~5" feeding internal logic into a wire
    Warning: Converted tri-state buffer "miniUART:U1|TxData[3]~4" feeding internal logic into a wire
    Warning: Converted tri-state buffer "miniUART:U1|TxData[4]~3" feeding internal logic into a wire
    Warning: Converted tri-state buffer "miniUART:U1|TxData[5]~2" feeding internal logic into a wire
    Warning: Converted tri-state buffer "miniUART:U1|TxData[6]~1" feeding internal logic into a wire
    Warning: Converted tri-state buffer "miniUART:U1|TxData[7]~0" feeding internal logic into a wire
Warning: Ignored assignment(s) for "CLOCK_27[0]" because "CLOCK_27" is not a bus or array
Warning: Ignored assignment(s) for "CLOCK_27[1]" because "CLOCK_27" is not a bus or array
Warning: The following nodes have both tri-state and non-tri-state drivers
    Warning: Inserted always-enabled tri-state buffer between "UART_TXD" and its non-tri-state driver.
Warning: The following bidir pins have no drivers
    Warning: Bidir "SRAM_DQ[0]" has no driver
    Warning: Bidir "SRAM_DQ[1]" has no driver
    Warning: Bidir "SRAM_DQ[2]" has no driver
    Warning: Bidir "SRAM_DQ[3]" has no driver
    Warning: Bidir "SRAM_DQ[4]" has no driver
    Warning: Bidir "SRAM_DQ[5]" has no driver
    Warning: Bidir "SRAM_DQ[6]" has no driver
    Warning: Bidir "SRAM_DQ[7]" has no driver
    Warning: Bidir "PS2_DAT" has no driver
    Warning: Bidir "PS2_CLK" has no driver
Warning: Removed fan-outs from the following always-disabled I/O buffers
    Warning: Removed fan-out from the always-disabled I/O buffer "UART_TXD" to the node "UART_TXD"
Warning: Output pins are stuck at VCC or GND
    Warning (13410): Pin "HEX0[0]" is stuck at GND
    Warning (13410): Pin "HEX0[1]" is stuck at GND
    Warning (13410): Pin "HEX0[2]" is stuck at GND
    Warning (13410): Pin "HEX0[3]" is stuck at GND
    Warning (13410): Pin "HEX0[4]" is stuck at GND
    Warning (13410): Pin "HEX0[5]" is stuck at GND
    Warning (13410): Pin "HEX0[6]" is stuck at GND
    Warning (13410): Pin "HEX1[0]" is stuck at GND
    Warning (13410): Pin "HEX1[1]" is stuck at GND
    Warning (13410): Pin "HEX1[2]" is stuck at GND
    Warning (13410): Pin "HEX1[3]" is stuck at GND
    Warning (13410): Pin "HEX1[4]" is stuck at GND
    Warning (13410): Pin "HEX1[5]" is stuck at GND
    Warning (13410): Pin "HEX1[6]" is stuck at GND
    Warning (13410): Pin "HEX2[0]" is stuck at GND
    Warning (13410): Pin "HEX2[1]" is stuck at GND
    Warning (13410): Pin "HEX2[2]" is stuck at GND
    Warning (13410): Pin "HEX2[3]" is stuck at GND
    Warning (13410): Pin "HEX2[4]" is stuck at GND
    Warning (13410): Pin "HEX2[5]" is stuck at GND
    Warning (13410): Pin "HEX2[6]" is stuck at GND
    Warning (13410): Pin "HEX3[0]" is stuck at GND
    Warning (13410): Pin "HEX3[1]" is stuck at GND
    Warning (13410): Pin "HEX3[2]" is stuck at GND
    Warning (13410): Pin "HEX3[3]" is stuck at GND
    Warning (13410): Pin "HEX3[4]" is stuck at GND
    Warning (13410): Pin "HEX3[5]" is stuck at GND
    Warning (13410): Pin "HEX3[6]" is stuck at GND
    Warning (13410): Pin "LEDG[2]" is stuck at GND
    Warning (13410): Pin "LEDG[3]" is stuck at GND
    Warning (13410): Pin "LEDG[4]" is stuck at GND
    Warning (13410): Pin "LEDG[5]" is stuck at GND
    Warning (13410): Pin "LEDG[6]" is stuck at GND
    Warning (13410): Pin "LEDG[7]" is stuck at GND
    Warning (13410): Pin "LEDR[8]" is stuck at GND
    Warning (13410): Pin "LEDR[9]" is stuck at GND
    Warning (13410): Pin "DRAM_ADDR[0]" is stuck at GND
    Warning (13410): Pin "DRAM_ADDR[1]" is stuck at GND
    Warning (13410): Pin "DRAM_ADDR[2]" is stuck at GND
    Warning (13410): Pin "DRAM_ADDR[3]" is stuck at GND
    Warning (13410): Pin "DRAM_ADDR[4]" is stuck at GND
    Warning (13410): Pin "DRAM_ADDR[5]" is stuck at GND
    Warning (13410): Pin "DRAM_ADDR[6]" is stuck at GND
    Warning (13410): Pin "DRAM_ADDR[7]" is stuck at GND
    Warning (13410): Pin "DRAM_ADDR[8]" is stuck at GND
    Warning (13410): Pin "DRAM_ADDR[9]" is stuck at GND
    Warning (13410): Pin "DRAM_ADDR[10]" is stuck at GND
    Warning (13410): Pin "DRAM_ADDR[11]" is stuck at GND
    Warning (13410): Pin "DRAM_LDQM" is stuck at GND
    Warning (13410): Pin "DRAM_UDQM" is stuck at GND
    Warning (13410): Pin "DRAM_WE_N" is stuck at VCC
    Warning (13410): Pin "DRAM_CAS_N" is stuck at VCC
    Warning (13410): Pin "DRAM_RAS_N" is stuck at VCC
    Warning (13410): Pin "DRAM_CS_N" is stuck at VCC
    Warning (13410): Pin "DRAM_BA_0" is stuck at GND
    Warning (13410): Pin "DRAM_BA_1" is stuck at GND
    Warning (13410): Pin "DRAM_CLK" is stuck at GND
    Warning (13410): Pin "DRAM_CKE" is stuck at GND
    Warning (13410): Pin "FL_ADDR[0]" is stuck at GND
    Warning (13410): Pin "FL_ADDR[1]" is stuck at GND
    Warning (13410): Pin "FL_ADDR[2]" is stuck at GND
    Warning (13410): Pin "FL_ADDR[3]" is stuck at GND
    Warning (13410): Pin "FL_ADDR[4]" is stuck at GND
    Warning (13410): Pin "FL_ADDR[5]" is stuck at GND
    Warning (13410): Pin "FL_ADDR[6]" is stuck at GND
    Warning (13410): Pin "FL_ADDR[7]" is stuck at GND
    Warning (13410): Pin "FL_ADDR[8]" is stuck at GND
    Warning (13410): Pin "FL_ADDR[9]" is stuck at GND
    Warning (13410): Pin "FL_ADDR[10]" is stuck at GND
    Warning (13410): Pin "FL_ADDR[11]" is stuck at GND
    Warning (13410): Pin "FL_ADDR[12]" is stuck at GND
    Warning (13410): Pin "FL_ADDR[13]" is stuck at GND
    Warning (13410): Pin "FL_ADDR[14]" is stuck at GND
    Warning (13410): Pin "FL_ADDR[15]" is stuck at GND
    Warning (13410): Pin "FL_ADDR[16]" is stuck at GND
    Warning (13410): Pin "FL_ADDR[17]" is stuck at GND
    Warning (13410): Pin "FL_ADDR[18]" is stuck at GND
    Warning (13410): Pin "FL_ADDR[19]" is stuck at GND
    Warning (13410): Pin "FL_ADDR[20]" is stuck at GND
    Warning (13410): Pin "FL_ADDR[21]" is stuck at GND
    Warning (13410): Pin "FL_WE_N" is stuck at VCC
    Warning (13410): Pin "FL_RST_N" is stuck at GND
    Warning (13410): Pin "FL_OE_N" is stuck at VCC
    Warning (13410): Pin "FL_CE_N" is stuck at VCC
    Warning (13410): Pin "SRAM_ADDR[0]" is stuck at GND
    Warning (13410): Pin "SRAM_ADDR[1]" is stuck at GND
    Warning (13410): Pin "SRAM_ADDR[2]" is stuck at GND
    Warning (13410): Pin "SRAM_ADDR[3]" is stuck at GND
    Warning (13410): Pin "SRAM_ADDR[4]" is stuck at GND
    Warning (13410): Pin "SRAM_ADDR[5]" is stuck at GND
    Warning (13410): Pin "SRAM_ADDR[6]" is stuck at GND
    Warning (13410): Pin "SRAM_ADDR[7]" is stuck at GND
    Warning (13410): Pin "SRAM_ADDR[8]" is stuck at GND
    Warning (13410): Pin "SRAM_ADDR[9]" is stuck at GND
    Warning (13410): Pin "SRAM_ADDR[10]" is stuck at GND
    Warning (13410): Pin "SRAM_ADDR[11]" is stuck at GND
    Warning (13410): Pin "SRAM_ADDR[12]" is stuck at GND
    Warning (13410): Pin "SRAM_ADDR[13]" is stuck at GND
    Warning (13410): Pin "SRAM_ADDR[14]" is stuck at GND
    Warning (13410): Pin "SRAM_ADDR[15]" is stuck at GND
    Warning (13410): Pin "SRAM_ADDR[16]" is stuck at GND
    Warning (13410): Pin "SRAM_ADDR[17]" is stuck at GND
    Warning (13410): Pin "SRAM_UB_N" is stuck at VCC
    Warning (13410): Pin "SRAM_LB_N" is stuck at GND
    Warning (13410): Pin "SRAM_WE_N" is stuck at GND
    Warning (13410): Pin "SRAM_CE_N" is stuck at GND
    Warning (13410): Pin "SRAM_OE_N" is stuck at GND
    Warning (13410): Pin "SD_DAT3" is stuck at GND
    Warning (13410): Pin "SD_CMD" is stuck at GND
    Warning (13410): Pin "SD_CLK" is stuck at GND
    Warning (13410): Pin "TDO" is stuck at GND
    Warning (13410): Pin "I2C_SCLK" is stuck at GND
    Warning (13410): Pin "VGA_HS" is stuck at GND
    Warning (13410): Pin "VGA_VS" is stuck at GND
    Warning (13410): Pin "VGA_R[0]" is stuck at GND
    Warning (13410): Pin "VGA_R[1]" is stuck at GND
    Warning (13410): Pin "VGA_R[2]" is stuck at GND
    Warning (13410): Pin "VGA_R[3]" is stuck at GND
    Warning (13410): Pin "VGA_G[0]" is stuck at GND
    Warning (13410): Pin "VGA_G[1]" is stuck at GND
    Warning (13410): Pin "VGA_G[2]" is stuck at GND
    Warning (13410): Pin "VGA_G[3]" is stuck at GND
    Warning (13410): Pin "VGA_B[0]" is stuck at GND
    Warning (13410): Pin "VGA_B[1]" is stuck at GND
    Warning (13410): Pin "VGA_B[2]" is stuck at GND
    Warning (13410): Pin "VGA_B[3]" is stuck at GND
    Warning (13410): Pin "AUD_DACDAT" is stuck at GND
    Warning (13410): Pin "AUD_XCK" is stuck at GND
Warning: Ignored assignments for entity "UART" -- entity does not exist in design
    Warning: Assignment of entity set_global_assignment -name LL_ROOT_REGION ON -entity UART -section_id "Root Region" is ignored
    Warning: Assignment of entity set_global_assignment -name LL_MEMBER_STATE LOCKED -entity UART -section_id "Root Region" is ignored
Warning: Design contains 16 input pin(s) that do not drive logic
    Warning (15610): No output dependent on input pin "CLOCK_27"
    Warning (15610): No output dependent on input pin "EXT_CLOCK"
    Warning (15610): No output dependent on input pin "KEY[1]"
    Warning (15610): No output dependent on input pin "KEY[2]"
    Warning (15610): No output dependent on input pin "KEY[3]"
    Warning (15610): No output dependent on input pin "SW[3]"
    Warning (15610): No output dependent on input pin "SW[4]"
    Warning (15610): No output dependent on input pin "SW[5]"
    Warning (15610): No output dependent on input pin "SW[6]"
    Warning (15610): No output dependent on input pin "SW[9]"
    Warning (15610): No output dependent on input pin "IRDA_RXD"
    Warning (15610): No output dependent on input pin "SD_DAT"
    Warning (15610): No output dependent on input pin "TDI"
    Warning (15610): No output dependent on input pin "TCK"
    Warning (15610): No output dependent on input pin "TCS"
    Warning (15610): No output dependent on input pin "AUD_ADCDAT"
Info: Implemented 451 device resources after synthesis - the final resource count might be different
    Info: Implemented 24 input pins
    Info: Implemented 139 output pins
    Info: Implemented 118 bidirectional pins
    Info: Implemented 170 logic cells
Info: Quartus II Analysis & Synthesis was successful. 0 errors, 230 warnings
    Info: Peak virtual memory: 195 megabytes
    Info: Processing ended: Sat Jan 16 19:25:45 2010
    Info: Elapsed time: 00:00:05
    Info: Total CPU time (on all processors): 00:00:05


